../Core/Src/main.c:93:5:main	144	static
../Core/Src/main.c:193:6:SystemClock_Config	88	static
../Core/Src/main.c:239:13:MX_SPI5_Init	8	static
../Core/Src/main.c:277:13:MX_GPIO_Init	48	static
../Core/Src/main.c:311:6:StartTask01	32	static
../Core/Src/main.c:337:6:StartTask02	32	static
../Core/Src/main.c:369:6:StartTask03	56	static
../Core/Src/main.c:448:6:StartTask04	32	static
../Core/Src/main.c:489:6:HAL_TIM_PeriodElapsedCallback	16	static
../Core/Src/main.c:506:6:Error_Handler	4	static,ignoring_inline_asm
