../Core/Src/main.c:91:5:main	144	static
../Core/Src/main.c:191:6:SystemClock_Config	88	static
../Core/Src/main.c:237:13:MX_SPI5_Init	8	static
../Core/Src/main.c:275:13:MX_GPIO_Init	48	static
../Core/Src/main.c:309:6:StartTask01	32	static
../Core/Src/main.c:333:6:StartTask02	32	static
../Core/Src/main.c:365:6:StartTask03	56	static
../Core/Src/main.c:444:6:StartTask04	32	static
../Core/Src/main.c:486:6:HAL_TIM_PeriodElapsedCallback	16	static
../Core/Src/main.c:503:6:Error_Handler	4	static,ignoring_inline_asm
